CGTN,https://0472.org/hls/cgtn.m3u8
CGTN,http://english-livetx.cgtn.com/hls/yypdyyctzb_hd.m3u8
CGTN法语,http://espanol-liveali.cgtn.com/hls/LSveOGBaBw41Ea7ukkVAUdKQ220802LSTexu6xAuFH8VZNBLE1ZNEa220802cd.m3u8
CGTN西语,https://0472.org/hls/cgtnx.m3u8
CGTN阿语,https://0472.org/hls/cgtna.m3u8
中国交通,http://drive.mxmy.net:8888/udp/239.3.1.188:8001
熊猫直播,https://gcwbndali.v.myalicdn.com/gcwbnd/ipanda1000_2/index.m3u8
支持作者,https://vd2.bdstatic.com/mda-sctj0f96cn79js4n/1080p/cae_h264/1774710384405617311/mda-sctj0f96cn79js4n.mp4
人间卫视,https://5ddce30eb4b55.streamlock.net/bltvhd/bltv1/chunklist_w511254805.m3u8
人间卫视,http://61.216.67.119:1935/bltvhd/bltv1/chunklist_w1266569526.m3u
东方卫视4K,https://bp-resource-dfl.bestv.cn/148/3/video.m3u8
CHC电影,http://183.237.95.108:9901/tsfile/live/1008_1.m3u8?key=txiptv&playlive=0&authid=0
人在囧途,https://vip.ffzy-play.com/20221018/1953_2d6ba500/index.m3u8
人在囧途之泰囧,https://vip.ffzy-play.com/20221018/1951_47e1adc8/index.m3u8
人在囧途之港囧,https://vip.ffzy-play7.com/20230112/11082_fde1a94d/index.m3u8
倚天屠龙记,https://live.metshop.top/huya/23734246
倩女幽魂人间道,http://jsmov2.a.yximgs.com/bs3/video-hls/5250634317044855747_hlsb.m3u8
倩女幽魂妖魔道,http://jsmov2.a.yximgs.com/bs3/video-hls/5232901391302199073_hlsb.m3u8
倩女幽魂道道道,http://jsmov2.a.yximgs.com/bs3/video-hls/5216294367991385255_hlsb.m3u8
刑事侦缉档案,https://live.metshop.top/huya/29465856
刘德华电影,https://live.metshop.top/huya/11342424
创世纪,https://live.metshop.top/huya/29465852
功夫电影,https://live.metshop.top/huya/11352941
古天乐电影,https://live.metshop.top/huya/29982675
周星驰电影,https://live.metshop.top/huya/11342412
大唐双龙传,https://live.metshop.top/huya/29465850
大时代,https://live.metshop.top/huya/23865161
妙手仁心,https://live.metshop.top/huya/29465853
宇宙科幻合集,https://live.metshop.top/huya/11342428
寒战,https://vip.ffzy-play6.com/20221019/157_bf0740ee/index.m3u8
寻秦记,https://live.metshop.top/huya/29465848
强森电影,https://live.metshop.top/huya/21059581
怪兽电影,https://live.metshop.top/huya/21059577
成龙电影,https://live.metshop.top/huya/11342386
我不是药神,https://vip.ffzy-play1.com/20221018/478_c3afed66/index.m3u8
战争电影,https://live.metshop.top/huya/21059574
扫黄先锋,https://live.metshop.top/huya/29465855
拆弹专家1,https://vip.ffzy-online.com/20221015/719_80ff87c2/index.m3u8
拆弹专家2,https://vip.ffzy-online.com/20221015/722_e32c42bc/index.m3u8
无心法师,https://live.metshop.top/huya/30080233
李连杰电影,https://live.metshop.top/huya/11342390
林正英电影,https://live.metshop.top/huya/11342421
枪战电影,https://live.metshop.top/huya/21059579
楚汉骄雄,https://live.metshop.top/huya/29465854
武侠电影,https://live.metshop.top/huya/11342427
沈腾电影,https://live.metshop.top/huya/11601968
法政先锋,https://live.metshop.top/huya/23863804
洗冤录,https://live.metshop.top/huya/29465851
活佛济公3,https://live.metshop.top/huya/23903123
狄仁杰电影,https://live.metshop.top/huya/30080229
王晶电影,https://live.metshop.top/huya/11602058
电影丧尸片,http://live.metshop.top/huya/21059578?cdn=alicdn
电影八点档,http://live.metshop.top/huya/880261?cdn=alicdn
电影刘德华,http://live.metshop.top/huya/11342424?cdn=alicdn
电影功夫片,http://live.metshop.top/huya/11352941?cdn=alicdn
电影动作电影,http://live.metshop.top/huya/11602077?cdn=alicdn
电影周星星,http://live.metshop.top/huya/11336587?cdn=alicdn
电影喜剧专场,http://live.metshop.top/huya/11602044?cdn=alicdn
电影嫣然影厅,http://live.metshop.top/huya/11601977?cdn=alicdn
电影战争片,http://live.metshop.top/huya/21059574?cdn=alicdn
电影搞笑喜剧,http://live.metshop.top/huya/11342423?cdn=alicdn
电影梁家辉,http://live.metshop.top/huya/11342429?cdn=alicdn
电影犯罪片,http://live.metshop.top/huya/11352974?cdn=alicdn
电影蜘蛛侠,http://live.metshop.top/huya/21059599?cdn=alicdn
电影谍战,http://live.metshop.top/huya/21059585?cdn=alicdn
电影谍战片,http://live.metshop.top/huya/21059587?cdn=alicdn
电影贺岁,http://live.metshop.top/huya/11601971?cdn=alicdn
电影高分动作,http://live.metshop.top/huya/11352884?cdn=alicdn
西游记2,https://live.metshop.top/huya/29465859
让子弹飞,https://vip.ffzy-play7.com/20230116/11563_b9f44814/index.m3u8
谍战电影,https://live.metshop.top/huya/21059585
贺岁电影,https://live.metshop.top/huya/11601986
野蛮亲家,https://live.metshop.top/huya/23863796
金庸武侠,https://live.metshop.top/huya/11342435
金枝欲孽,https://live.metshop.top/huya/29465847
鉴证实录,https://live.metshop.top/huya/23903183
陀枪师姐,https://live.metshop.top/huya/29465857
韩国电影1,https://stream.ads.ottera.tv/playlist.m3u8?network_id=595
韩国电影2,https://stream.ads.ottera.tv/playlist.m3u8?network_id=743
黄渤电影,https://live.metshop.top/huya/11352876
龙门飞甲,http://jsmov2.a.yximgs.com/bs3/video-hls/5203346449046555193_hlsb.m3u8
南国都市,https://tencentplay.gztv.com/live/nanguodushi.m3u8?txSecret=550af55c0ea34ce492748481415b6dfa&txTime=1903e7b17de
韩国EBS少儿,http://ebsonairios.ebs.co.kr/ebsutablet500k/tablet500k/playlist.m3u8
东莞新闻综合,https://stream.sun0769.com/dgrtv1/mp4tv1_800/index.m3u8
东莞生活资讯,https://stream.sun0769.com/dgrtv1/mp4tv2_800/index.m3u8
南国都市,http://tencentplay.gztv.com/live/nanguodushi.m3u8?txSecret=140110ae3d6c936a77f94c4f4d85b0d3&txTime=18d57929bd4
哈尔滨都市咨询,http://stream.hrbtv.net/zxpd/sd/live.m3u8?zheild
广州新闻,http://tencentplay.gztv.com/live/xinwen.m3u8?txSecret=d2c2db0b598c02ec1b5623728434d367&txTime=18d57929bd3
延边2,http://stream5.jlntv.cn/wq/playlist.m3u8
河源公共,http://tmpstream.hyrtv.cn/hygg/sd/live.m3u8
河源综合,http://tmpstream.hyrtv.cn/xwzh/sd/live.m3u8
浙江钱江频道,http://ali-m-l.cztv.com/channels/lantian/channel02/1080p.m3u8
福州生活,http://live.zohi.tv:80/video/s10001-fztv-3/index.m3u8
萧山综合,http://l.cztvcloud.com/channels/lantian/SXxiaoshan1/720p.m3u8
西安新闻,http://112.46.105.20:8009/hls/28/index.m3u8
西安都市,http://112.46.105.20:8009/hls/29/index.m3u8
邢台生活,https://jwcdnqx.hebyun.com.cn/live/xtcsshpd/1500k/tzwj_video.m3u8
邯郸公共频道,https://jwcdnqx.hebyun.com.cn/live/hdgg/1500k/tzwj_video.m3u8
长影频道,http://tpc.x3322.net:9901/tsfile/live/1010_1.m3u8
陕西新闻咨询,http://112.46.105.20:8009/hls/18/index.m3u8
陕西秦腔,http://112.46.105.20:8009/hls/22/index.m3u8
陕西银龄,http://112.46.105.20:8009/hls/20/index.m3u8
CGTN纪录,https://0472.org/hls/cgtnd.m3u8
CGTN纪录,https://english-livetx.cgtn.com/hls/yypdjlctzb_hd.m3u8
航拍中国第二季,http://newcntv.qcloudcdn.com/asp/hls/4000/0303000a/3/default/2bdfdad540b342f592f9817cb7f3b79a/4000.m3u8
东丰,http://stream5.jlntv.cn/df/sd/live.m3u8?zjild
中国村庄,http://newcntv.qcloudcdn.com/asp/hls/4000/0303000a/3/default/93fc12dbf14241c18c23da104fbade23/4000.m3u8
九台,http://stream10.jlntv.cn/jiutaitv/sd/live.m3u8?zjild
人与自然,http://newcntv.qcloudcdn.com/asp/hls/1200/0303000a/3/default/1425e1d505654cb48ba82b807b221193/1200.m3u8
兵团五师双河影,https://liveout.btzx.com.cn/62ds9e/6o77s4.m3u8?zxinjd
双辽,http://stream5.jlntv.cn/sl/sd/live.m3u8?zjild
地理中国,http://newcntv.qcloudcdn.com/asp/hls/1200/0303000a/3/default/c6baf6f74bb944aeacee1065ea72c798/1200.m3u8
奎屯汉语,http://218.84.12.186:8001/hls/main/playlist.m3u8?zxinjd
柳河,http://stream5.jlntv.cn/lh/sd/live.m3u8?zjild
桦甸,http://stream10.jlntv.cn/huadian/sd/live.m3u8?zjild
江津新闻,http://222.179.155.21:1935/ch1.m3u8?zzhongqd
汪清,http://stream5.jlntv.cn/wq/sd/live.m3u8?zjild
玛纳斯,http://218.84.127.245:1026/hls/main1/playlist.m3u8?zxinjd
珲春新闻,http://stream8.jlntv.cn/hctv/sd/live.m3u8?zjild
白山公共,http://stream8.jlntv.cn/baishan2/playlist.m3u8?zjild
磐石,http://stream5.jlntv.cn/ps/sd/live.m3u8?zjild
舒兰新闻,http://stream8.jlntv.cn/shulan/sd/live.m3u8?zjild
辉南新闻,http://stream5.jlntv.cn/hn/sd/live.m3u8?zjild
通化县,http://stream5.jlntv.cn/thx/sd/live.m3u8?zjild
